
> client@0.0.0 build
> tsc -b && vite build

src/components/VideoPlayer.tsx(6,3): error TS6133: 'RotateCcw' is declared but its value is never read.
src/components/VideoPlayer.tsx(7,36): error TS6133: 'Heart' is declared but its value is never read.
src/components/VideoPlayer.tsx(8,28): error TS6133: 'MessageSquare' is declared but its value is never read.
src/components/VideoPlayer.tsx(12,1): error TS6133: 'VideoCard' is declared but its value is never read.
src/components/VideoPlayer.tsx(13,1): error TS6133: 'DesktopVideoCard' is declared but its value is never read.
src/components/VideoPlayer.tsx(96,34): error TS6133: 'e' is declared but its value is never read.
src/components/VideoPlayer.tsx(157,54): error TS2339: Property 'lock' does not exist on type 'ScreenOrientation'.
src/components/VideoPlayer.tsx(158,42): error TS2339: Property 'lock' does not exist on type 'ScreenOrientation'.
src/components/VideoPlayer.tsx(414,43): error TS6133: 'i' is declared but its value is never read.
src/utils/helpers.ts(1,1): error TS6133: 'Video' is declared but its value is never read.
